../Core/Src/main.c:135:6:JumpToApplication	16	static,ignoring_inline_asm
../Core/Src/main.c:170:6:Flash_EraseSector	72	static
../Core/Src/main.c:204:6:Flash_WriteData	40	static
../Core/Src/main.c:220:13:__TimerStart	16	static
../Core/Src/main.c:226:13:__TimerKill	4	static
../Core/Src/main.c:231:16:__TimerExpired	8	static
../Core/Src/main.c:236:13:__ComWriteSlaveMode	16	static
../Core/Src/main.c:241:16:__ComReadSlaveMode	16	static
../Core/Src/main.c:246:16:__ComPayloadCallbackSlaveMode	16	static
../Core/Src/main.c:258:13:__PrepareInternalFlash	16	static
../Core/Src/main.c:267:13:__resetRxBuffer	8	static
../Core/Src/main.c:278:5:main	24	static
../Core/Src/main.c:373:6:SystemClock_Config	88	static
../Core/Src/main.c:415:13:MX_SPI4_Init	8	static
../Core/Src/main.c:453:13:MX_UART5_Init	8	static
../Core/Src/main.c:486:13:MX_GPIO_Init	24	static
../Core/Src/main.c:507:6:StartDefaultTask	16	static
../Core/Src/main.c:526:6:HAL_TIM_PeriodElapsedCallback	16	static
../Core/Src/main.c:543:6:Error_Handler	4	static,ignoring_inline_asm
